// Jest Snapshot v1, https://goo.gl/fbAQLP

exports[`Card renders card unchanged 1`] = `
<div>
  <div
    class="space card"
  >
    <div>
      1
    </div>
  </div>
</div>
`;
