// Jest Snapshot v1, https://goo.gl/fbAQLP

exports[`Button renders button unchanged 1`] = `
<div>
  <button
    class="btn btn--primary"
    type="button"
  >
    클릭
  </button>
</div>
`;
